// Jest Snapshot v1, https://goo.gl/fbAQLP

exports[`@theme/r-material: core/components: BundledIcon # should mount correct bundled types correctly 1`] = `<ExpandLessIcon />`;
