// Jest Snapshot v1, https://goo.gl/fbAQLP

exports[`@theme/r-material: core/components: Profile # should mount profile component correctly 1`] = `
<WithStyles(ForwardRef(Grid))
  alignItems="center"
  className="makeStyles-root-1"
  container={true}
  justify="center"
>
  <WithStyles(ForwardRef(Avatar))
    alt=""
    className="makeStyles-avatar-2"
    component="div"
    src="https://img.aquariuslt.com/social/avatar.png"
  />
</WithStyles(ForwardRef(Grid))>
`;
